[LOG] Current time: 2025-07-12 02:50:17 -03-0300
Scikit-learn version: 1.5.0

============================================================
STARTING TEST FOR n_estimators = 2
============================================================
[LOG] Current time: 2025-07-12 02:50:17 -03-0300
Training RandomForestClassifier with 2 estimators...
2
[LOG] Current time: 2025-07-12 02:50:18 -03-0300
Start clear with 2 estimators...
[LOG] Current time: 2025-07-12 02:50:18 -03-0300
Finished predicting.
[LOG] Current time: 2025-07-12 02:50:18 -03-0300
Compiling FHE model with 2 estimators...
[LOG] Current time: 2025-07-12 02:51:47 -03-0300
Finished compiling.
[LOG] Current time: 2025-07-12 02:51:47 -03-0300
Making FHE prediction with 2 estimators
[LOG] Current time: 2025-07-12 02:53:54 -03-0300
Finished prediction with 2
[LOG] Current time: 2025-07-12 02:53:54 -03-0300
Plain text metrics:
--- Model Evaluation ---
Accuracy: 0.8129
Precision: 0.7932
Recall: 0.9080
F1-Score: 0.8468

--- Confusion Matrix ---
[[ 6673  3038]
 [ 1180 11653]]

--- Classification Report ---
              precision    recall  f1-score   support

           0       0.85      0.69      0.76      9711
           1       0.79      0.91      0.85     12833

    accuracy                           0.81     22544
   macro avg       0.82      0.80      0.80     22544
weighted avg       0.82      0.81      0.81     22544

[LOG] Current time: 2025-07-12 02:53:54 -03-0300
FHE metrics:
--- Model Evaluation ---
Accuracy: 0.8129
Precision: 0.7932
Recall: 0.9080
F1-Score: 0.8468

--- Confusion Matrix ---
[[ 6673  3038]
 [ 1180 11653]]

--- Classification Report ---
              precision    recall  f1-score   support

           0       0.85      0.69      0.76      9711
           1       0.79      0.91      0.85     12833

    accuracy                           0.81     22544
   macro avg       0.82      0.80      0.80     22544
weighted avg       0.82      0.81      0.81     22544

Saving compiled FHE circuit and preprocessor to disk...

============================================================
STARTING TEST FOR n_estimators = 100
============================================================
[LOG] Current time: 2025-07-12 02:53:54 -03-0300
Training RandomForestClassifier with 100 estimators...
None
[LOG] Current time: 2025-07-12 02:54:19 -03-0300
Start clear with 100 estimators...
[LOG] Current time: 2025-07-12 02:54:47 -03-0300
Finished predicting.
[LOG] Current time: 2025-07-12 02:54:47 -03-0300
Compiling FHE model with 100 estimators...
[LOG] Current time: 2025-07-12 03:03:32 -03-0300
Finished compiling.
[LOG] Current time: 2025-07-12 03:03:32 -03-0300
Making FHE prediction with 100 estimators
[LOG] Current time: 2025-07-12 03:16:05 -03-0300
Finished prediction with 100
[LOG] Current time: 2025-07-12 03:16:05 -03-0300
Plain text metrics:
--- Model Evaluation ---
Accuracy: 0.7816
Precision: 0.8931
Recall: 0.7001
F1-Score: 0.7850

--- Confusion Matrix ---
[[8636 1075]
 [3848 8985]]

--- Classification Report ---
              precision    recall  f1-score   support

           0       0.69      0.89      0.78      9711
           1       0.89      0.70      0.78     12833

    accuracy                           0.78     22544
   macro avg       0.79      0.79      0.78     22544
weighted avg       0.81      0.78      0.78     22544

[LOG] Current time: 2025-07-12 03:16:05 -03-0300
FHE metrics:
--- Model Evaluation ---
Accuracy: 0.7816
Precision: 0.8931
Recall: 0.7001
F1-Score: 0.7850

--- Confusion Matrix ---
[[8636 1075]
 [3848 8985]]

--- Classification Report ---
              precision    recall  f1-score   support

           0       0.69      0.89      0.78      9711
           1       0.89      0.70      0.78     12833

    accuracy                           0.78     22544
   macro avg       0.79      0.79      0.78     22544
weighted avg       0.81      0.78      0.78     22544

Saving compiled FHE circuit and preprocessor to disk...
