nohup: ignoring input
[LOG 2026-05-14 21:56:50 -03-0300] (elapsed 0.0s) Starting svd200_model.py — scikit-learn 1.5.0
[LOG 2026-05-14 21:56:50 -03-0300] (elapsed 0.0s) Loading existing combined file 'CIC-IDS-2018-Combined.csv'...
[LOG 2026-05-14 21:56:53 -03-0300] (elapsed 3.4s) Loaded 16232943 rows from 'CIC-IDS-2018-Combined.csv'.
[LOG 2026-05-14 21:56:53 -03-0300] (elapsed 3.4s) Cleaning column names and dropping NaN/Inf rows...
[LOG 2026-05-14 21:56:57 -03-0300] (elapsed 7.4s) Dropped 0 rows with NaN/Inf. Remaining: 16232943 rows.
[LOG 2026-05-14 21:57:00 -03-0300] (elapsed 10.0s) Label distribution — benign: 13484708, attack: 2748235
[LOG 2026-05-14 21:57:00 -03-0300] (elapsed 10.0s) Splitting data 80/20 (stratified)...
[LOG 2026-05-14 21:57:12 -03-0300] (elapsed 22.0s) Train: 12986354, Test: 3246589.
Applying preprocessing (MinMaxScaler and OneHotEncoder)...
[LOG 2026-05-14 21:57:12 -03-0300] (elapsed 22.0s) Fitting preprocessor on training data...
[LOG 2026-05-14 21:57:25 -03-0300] (elapsed 35.5s) Preprocessing done. X_train: (12986354, 64539), X_test: (3246589, 64539) (sparse)
[LOG 2026-05-14 21:57:26 -03-0300] (elapsed 36.2s) Preprocessor saved to 'preprocessor_cic_ids_2018.pkl'.

                        Config |                Phase |    Wall Time
----------------------------------------------------------------------
[LOG 2026-05-14 21:57:26 -03-0300] (elapsed 36.2s) Applying TruncatedSVD: 64539 → 200 components...
[LOG 2026-05-14 21:57:26 -03-0300] (elapsed 36.2s) Subsampling 500,000 rows from 12,986,354 for SVD fitting...
[LOG 2026-05-14 21:57:42 -03-0300] (elapsed 52.2s) SVD fitted on subsample.
[LOG 2026-05-14 21:57:42 -03-0300] (elapsed 52.2s) Transforming training data in chunks of 500,000...
[LOG 2026-05-14 21:57:54 -03-0300] (elapsed 64.6s) Train transform done. Shape: (12986354, 200)
[LOG 2026-05-14 21:57:54 -03-0300] (elapsed 64.6s) Transforming test data in chunks of 500,000...
[LOG 2026-05-14 21:57:57 -03-0300] (elapsed 67.7s) Test transform done. Shape: (3246589, 200)
[LOG 2026-05-14 21:57:57 -03-0300] (elapsed 67.7s) SVD done. X_train: (12986354, 200), X_test: (3246589, 200). Explained variance ratio sum: 0.8978
[LOG 2026-05-14 21:57:58 -03-0300] (elapsed 67.8s) SVD saved to 'svd_cic_ids_2018_200.pkl'.
[LOG 2026-05-14 21:57:58 -03-0300] (elapsed 67.8s) Final training data: (12986354, 200), testing data: (3246589, 200)

######################################################################
#  PHASE 1: PLAINTEXT TRAINING & EVALUATION  (SVD 200)
######################################################################

============================================================
  CONFIG 1/4: n_estimators=2, max_depth=2, svd=200
============================================================
[LOG 2026-05-14 21:57:58 -03-0300] (elapsed 67.8s) [n=2, d=2, svd=200] Training RandomForestClassifier...
[LOG 2026-05-14 21:58:59 -03-0300] (elapsed 129.1s) [n=2, d=2, svd=200] Training completed in 61.3s
[LOG 2026-05-14 21:58:59 -03-0300] (elapsed 129.1s) [n=2, d=2, svd=200] Starting clear (plaintext) prediction on 3246589 samples...
[LOG 2026-05-14 21:59:09 -03-0300] (elapsed 139.4s) [n=2, d=2, svd=200] Clear prediction completed in 10.3s
[LOG 2026-05-14 21:59:09 -03-0300] (elapsed 139.4s) [n=2, d=2, svd=200] Plaintext metrics:
--- Model Evaluation ---
Accuracy: 0.8307
Precision: 0.0000
Recall: 0.0000
F1-Score: 0.0000

--- Confusion Matrix ---
[[2696942       0]
 [ 549647       0]]

--- Classification Report ---
              precision    recall  f1-score   support

           0       0.83      1.00      0.91   2696942
           1       0.00      0.00      0.00    549647

    accuracy                           0.83   3246589
   macro avg       0.42      0.50      0.45   3246589
weighted avg       0.69      0.83      0.75   3246589

[LOG 2026-05-14 21:59:48 -03-0300] (elapsed 178.6s) [n=2, d=2, svd=200] Plaintext model saved to 'plaintext_model_2_estimators_2_depth_svd_200.json'.

============================================================
  CONFIG 2/4: n_estimators=2, max_depth=4, svd=200
============================================================
[LOG 2026-05-14 21:59:48 -03-0300] (elapsed 178.6s) [n=2, d=4, svd=200] Training RandomForestClassifier...
[LOG 2026-05-14 22:00:58 -03-0300] (elapsed 248.3s) [n=2, d=4, svd=200] Training completed in 69.8s
[LOG 2026-05-14 22:00:58 -03-0300] (elapsed 248.3s) [n=2, d=4, svd=200] Starting clear (plaintext) prediction on 3246589 samples...
[LOG 2026-05-14 22:01:16 -03-0300] (elapsed 266.4s) [n=2, d=4, svd=200] Clear prediction completed in 18.1s
[LOG 2026-05-14 22:01:16 -03-0300] (elapsed 266.4s) [n=2, d=4, svd=200] Plaintext metrics:
--- Model Evaluation ---
Accuracy: 0.8646
Precision: 0.6378
Recall: 0.4639
F1-Score: 0.5372

--- Confusion Matrix ---
[[2552151  144791]
 [ 294644  255003]]

--- Classification Report ---
              precision    recall  f1-score   support

           0       0.90      0.95      0.92   2696942
           1       0.64      0.46      0.54    549647

    accuracy                           0.86   3246589
   macro avg       0.77      0.71      0.73   3246589
weighted avg       0.85      0.86      0.86   3246589

[LOG 2026-05-14 22:02:12 -03-0300] (elapsed 322.6s) [n=2, d=4, svd=200] Plaintext model saved to 'plaintext_model_2_estimators_4_depth_svd_200.json'.

============================================================
  CONFIG 3/4: n_estimators=4, max_depth=2, svd=200
============================================================
[LOG 2026-05-14 22:02:12 -03-0300] (elapsed 322.6s) [n=4, d=2, svd=200] Training RandomForestClassifier...
[LOG 2026-05-14 22:03:21 -03-0300] (elapsed 391.4s) [n=4, d=2, svd=200] Training completed in 68.9s
[LOG 2026-05-14 22:03:21 -03-0300] (elapsed 391.4s) [n=4, d=2, svd=200] Starting clear (plaintext) prediction on 3246589 samples...
[LOG 2026-05-14 22:03:33 -03-0300] (elapsed 403.5s) [n=4, d=2, svd=200] Clear prediction completed in 12.1s
[LOG 2026-05-14 22:03:33 -03-0300] (elapsed 403.5s) [n=4, d=2, svd=200] Plaintext metrics:
--- Model Evaluation ---
Accuracy: 0.8646
Precision: 0.6378
Recall: 0.4639
F1-Score: 0.5372

--- Confusion Matrix ---
[[2552151  144791]
 [ 294644  255003]]

--- Classification Report ---
              precision    recall  f1-score   support

           0       0.90      0.95      0.92   2696942
           1       0.64      0.46      0.54    549647

    accuracy                           0.86   3246589
   macro avg       0.77      0.71      0.73   3246589
weighted avg       0.85      0.86      0.86   3246589

[LOG 2026-05-14 22:04:44 -03-0300] (elapsed 474.4s) [n=4, d=2, svd=200] Plaintext model saved to 'plaintext_model_4_estimators_2_depth_svd_200.json'.

============================================================
  CONFIG 4/4: n_estimators=4, max_depth=4, svd=200
============================================================
[LOG 2026-05-14 22:04:44 -03-0300] (elapsed 474.4s) [n=4, d=4, svd=200] Training RandomForestClassifier...
[LOG 2026-05-14 22:06:15 -03-0300] (elapsed 565.5s) [n=4, d=4, svd=200] Training completed in 91.1s
[LOG 2026-05-14 22:06:15 -03-0300] (elapsed 565.5s) [n=4, d=4, svd=200] Starting clear (plaintext) prediction on 3246589 samples...
[LOG 2026-05-14 22:06:44 -03-0300] (elapsed 594.3s) [n=4, d=4, svd=200] Clear prediction completed in 28.7s
[LOG 2026-05-14 22:06:44 -03-0300] (elapsed 594.3s) [n=4, d=4, svd=200] Plaintext metrics:
--- Model Evaluation ---
Accuracy: 0.8647
Precision: 0.6379
Recall: 0.4640
F1-Score: 0.5373

--- Confusion Matrix ---
[[2552151  144791]
 [ 294586  255061]]

--- Classification Report ---
              precision    recall  f1-score   support

           0       0.90      0.95      0.92   2696942
           1       0.64      0.46      0.54    549647

    accuracy                           0.86   3246589
   macro avg       0.77      0.71      0.73   3246589
weighted avg       0.85      0.86      0.86   3246589

[LOG 2026-05-14 22:07:41 -03-0300] (elapsed 651.2s) [n=4, d=4, svd=200] Plaintext model saved to 'plaintext_model_4_estimators_4_depth_svd_200.json'.

======================================================================
  PLAINTEXT SUMMARY  (SVD 200)
======================================================================
                        Config |  Train (s) |  Predict (s)
------------------------------------------------------------
             n=2, d=2, svd=200 |       61.3 |         10.3
             n=2, d=4, svd=200 |       69.8 |         18.1
             n=4, d=2, svd=200 |       68.9 |         12.1
             n=4, d=4, svd=200 |       91.1 |         28.7

[LOG 2026-05-14 22:07:41 -03-0300] (elapsed 651.2s) Phase 1 complete for SVD 200 — all plaintext variants trained and evaluated.

######################################################################
#  PHASE 2: FHE COMPILATION & SIMULATION  (SVD 200)
######################################################################

============================================================
  FHE for CONFIG 1/4: n_estimators=2, max_depth=2, svd=200
============================================================
[LOG 2026-05-14 22:07:41 -03-0300] (elapsed 651.2s) [n=2, d=2, svd=200] Compiling FHE circuit (this may take a long time)...
[LOG 2026-05-14 23:05:41 -03-0300] (elapsed 4,131.0s) [n=2, d=2, svd=200] FHE compilation completed in 3,479.7s
[LOG 2026-05-14 23:05:41 -03-0300] (elapsed 4,131.0s) [n=2, d=2, svd=200] Starting FHE simulation prediction on 3246589 samples...
[LOG 2026-05-15 02:11:23 -03-0300] (elapsed 15,273.2s) [n=2, d=2, svd=200] FHE simulation completed in 11,142.2s
[LOG 2026-05-15 02:11:23 -03-0300] (elapsed 15,273.2s) [n=2, d=2, svd=200] FHE metrics:
--- Model Evaluation ---
Accuracy: 0.8307
Precision: 0.0000
Recall: 0.0000
F1-Score: 0.0000

--- Confusion Matrix ---
[[2696942       0]
 [ 549647       0]]

--- Classification Report ---
              precision    recall  f1-score   support

           0       0.83      1.00      0.91   2696942
           1       0.00      0.00      0.00    549647

    accuracy                           0.83   3246589
   macro avg       0.42      0.50      0.45   3246589
weighted avg       0.69      0.83      0.75   3246589

[LOG 2026-05-15 02:12:03 -03-0300] (elapsed 15,313.3s) [n=2, d=2, svd=200] Saving compiled FHE circuit to './fhe_model_2_estimators_2_depth_svd_200_components/'...
[LOG 2026-05-15 02:12:03 -03-0300] (elapsed 15,313.5s) [n=2, d=2, svd=200] FHE assets saved. Summary — train: 61.3s, predict: 10.3s, compile: 3,479.7s, fhe_sim: 11,142.2s

============================================================
  FHE for CONFIG 2/4: n_estimators=2, max_depth=4, svd=200
============================================================
[LOG 2026-05-15 02:12:03 -03-0300] (elapsed 15,313.5s) [n=2, d=4, svd=200] Compiling FHE circuit (this may take a long time)...
[LOG 2026-05-15 03:12:47 -03-0300] (elapsed 18,957.3s) [n=2, d=4, svd=200] FHE compilation completed in 3,643.7s
[LOG 2026-05-15 03:12:47 -03-0300] (elapsed 18,957.3s) [n=2, d=4, svd=200] Starting FHE simulation prediction on 3246589 samples...
[LOG 2026-05-15 06:17:20 -03-0300] (elapsed 30,030.6s) [n=2, d=4, svd=200] FHE simulation completed in 11,073.4s
[LOG 2026-05-15 06:17:20 -03-0300] (elapsed 30,030.6s) [n=2, d=4, svd=200] FHE metrics:
--- Model Evaluation ---
Accuracy: 0.8646
Precision: 0.6378
Recall: 0.4639
F1-Score: 0.5372

--- Confusion Matrix ---
[[2552151  144791]
 [ 294644  255003]]

--- Classification Report ---
              precision    recall  f1-score   support

           0       0.90      0.95      0.92   2696942
           1       0.64      0.46      0.54    549647

    accuracy                           0.86   3246589
   macro avg       0.77      0.71      0.73   3246589
weighted avg       0.85      0.86      0.86   3246589

[LOG 2026-05-15 06:18:20 -03-0300] (elapsed 30,090.3s) [n=2, d=4, svd=200] Saving compiled FHE circuit to './fhe_model_2_estimators_4_depth_svd_200_components/'...
[LOG 2026-05-15 06:18:20 -03-0300] (elapsed 30,090.5s) [n=2, d=4, svd=200] FHE assets saved. Summary — train: 69.8s, predict: 18.1s, compile: 3,643.7s, fhe_sim: 11,073.4s

============================================================
  FHE for CONFIG 3/4: n_estimators=4, max_depth=2, svd=200
============================================================
[LOG 2026-05-15 06:18:20 -03-0300] (elapsed 30,090.5s) [n=4, d=2, svd=200] Compiling FHE circuit (this may take a long time)...
[LOG 2026-05-15 07:18:39 -03-0300] (elapsed 33,709.3s) [n=4, d=2, svd=200] FHE compilation completed in 3,618.7s
[LOG 2026-05-15 07:18:39 -03-0300] (elapsed 33,709.3s) [n=4, d=2, svd=200] Starting FHE simulation prediction on 3246589 samples...
[LOG 2026-05-15 10:24:54 -03-0300] (elapsed 44,883.9s) [n=4, d=2, svd=200] FHE simulation completed in 11,174.6s
[LOG 2026-05-15 10:24:54 -03-0300] (elapsed 44,883.9s) [n=4, d=2, svd=200] FHE metrics:
--- Model Evaluation ---
Accuracy: 0.8646
Precision: 0.6378
Recall: 0.4639
F1-Score: 0.5372

--- Confusion Matrix ---
[[2552151  144791]
 [ 294644  255003]]

--- Classification Report ---
              precision    recall  f1-score   support

           0       0.90      0.95      0.92   2696942
           1       0.64      0.46      0.54    549647

    accuracy                           0.86   3246589
   macro avg       0.77      0.71      0.73   3246589
weighted avg       0.85      0.86      0.86   3246589

[LOG 2026-05-15 10:25:50 -03-0300] (elapsed 44,940.5s) [n=4, d=2, svd=200] Saving compiled FHE circuit to './fhe_model_4_estimators_2_depth_svd_200_components/'...
[LOG 2026-05-15 10:25:50 -03-0300] (elapsed 44,940.6s) [n=4, d=2, svd=200] FHE assets saved. Summary — train: 68.9s, predict: 12.1s, compile: 3,618.7s, fhe_sim: 11,174.6s

============================================================
  FHE for CONFIG 4/4: n_estimators=4, max_depth=4, svd=200
============================================================
[LOG 2026-05-15 10:25:50 -03-0300] (elapsed 44,940.6s) [n=4, d=4, svd=200] Compiling FHE circuit (this may take a long time)...
[LOG 2026-05-15 11:28:09 -03-0300] (elapsed 48,679.5s) [n=4, d=4, svd=200] FHE compilation completed in 3,738.8s
[LOG 2026-05-15 11:28:09 -03-0300] (elapsed 48,679.5s) [n=4, d=4, svd=200] Starting FHE simulation prediction on 3246589 samples...
[LOG 2026-05-15 14:36:22 -03-0300] (elapsed 59,972.1s) [n=4, d=4, svd=200] FHE simulation completed in 11,292.5s
[LOG 2026-05-15 14:36:22 -03-0300] (elapsed 59,972.1s) [n=4, d=4, svd=200] FHE metrics:
--- Model Evaluation ---
Accuracy: 0.8647
Precision: 0.6379
Recall: 0.4640
F1-Score: 0.5373

--- Confusion Matrix ---
[[2552151  144791]
 [ 294586  255061]]

--- Classification Report ---
              precision    recall  f1-score   support

           0       0.90      0.95      0.92   2696942
           1       0.64      0.46      0.54    549647

    accuracy                           0.86   3246589
   macro avg       0.77      0.71      0.73   3246589
weighted avg       0.85      0.86      0.86   3246589

[LOG 2026-05-15 14:37:21 -03-0300] (elapsed 60,031.6s) [n=4, d=4, svd=200] Saving compiled FHE circuit to './fhe_model_4_estimators_4_depth_svd_200_components/'...
[LOG 2026-05-15 14:37:22 -03-0300] (elapsed 60,031.8s) [n=4, d=4, svd=200] FHE assets saved. Summary — train: 91.1s, predict: 28.7s, compile: 3,738.8s, fhe_sim: 11,292.5s

======================================================================
  FHE SUMMARY  (SVD 200)
======================================================================
                        Config |  Train (s) |  Predict (s) |  Compile (s) |  FHE Sim (s)
------------------------------------------------------------------------------------------
             n=2, d=2, svd=200 |       61.3 |         10.3 |       3479.7 |      11142.2
             n=2, d=4, svd=200 |       69.8 |         18.1 |       3643.7 |      11073.4
             n=4, d=2, svd=200 |       68.9 |         12.1 |       3618.7 |      11174.6
             n=4, d=4, svd=200 |       91.1 |         28.7 |       3738.8 |      11292.5

[LOG 2026-05-15 14:37:22 -03-0300] (elapsed 60,031.8s) FHE phase complete for SVD 200.
[LOG 2026-05-15 14:37:22 -03-0300] (elapsed 60,032.4s) All SVD 200 configurations complete.
