nohup: ignoring input
[LOG] Current time: 2025-08-14 21:43:43 -03-0300
Scikit-learn version: 1.5.0

============================================================
STARTING TEST FOR n_estimators = 2 max_depth = 4
============================================================
[LOG] Current time: 2025-08-14 21:43:43 -03-0300
Training ...
[LOG] Current time: 2025-08-14 21:43:44 -03-0300
Start clear with 2 estimators...
[LOG] Current time: 2025-08-14 21:43:44 -03-0300
Finished predicting.
[LOG] Current time: 2025-08-14 21:43:44 -03-0300
Compiling FHE model with 2 estimators...
[LOG] Current time: 2025-08-14 21:45:16 -03-0300
Finished compiling.
[LOG] Current time: 2025-08-14 21:45:16 -03-0300
Making FHE prediction with 2 estimators
[LOG] Current time: 2025-08-14 21:47:27 -03-0300
Finished prediction with 2
[LOG] Current time: 2025-08-14 21:47:27 -03-0300
Plain text metrics:
--- Model Evaluation ---
Accuracy: 0.8682
Precision: 0.9437
Recall: 0.8172
F1-Score: 0.8759

--- Confusion Matrix ---
[[ 9085   626]
 [ 2346 10487]]

--- Classification Report ---
              precision    recall  f1-score   support

           0       0.79      0.94      0.86      9711
           1       0.94      0.82      0.88     12833

    accuracy                           0.87     22544
   macro avg       0.87      0.88      0.87     22544
weighted avg       0.88      0.87      0.87     22544

[LOG] Current time: 2025-08-14 21:47:27 -03-0300
FHE metrics:
--- Model Evaluation ---
Accuracy: 0.8682
Precision: 0.9437
Recall: 0.8172
F1-Score: 0.8759

--- Confusion Matrix ---
[[ 9085   626]
 [ 2346 10487]]

--- Classification Report ---
              precision    recall  f1-score   support

           0       0.79      0.94      0.86      9711
           1       0.94      0.82      0.88     12833

    accuracy                           0.87     22544
   macro avg       0.87      0.88      0.87     22544
weighted avg       0.88      0.87      0.87     22544

Saving compiled FHE circuit and preprocessor to disk...

============================================================
STARTING TEST FOR n_estimators = 4 max_depth = 2
============================================================
[LOG] Current time: 2025-08-14 21:47:27 -03-0300
Training ...
[LOG] Current time: 2025-08-14 21:47:28 -03-0300
Start clear with 4 estimators...
[LOG] Current time: 2025-08-14 21:47:28 -03-0300
Finished predicting.
[LOG] Current time: 2025-08-14 21:47:28 -03-0300
Compiling FHE model with 4 estimators...
[LOG] Current time: 2025-08-14 21:48:59 -03-0300
Finished compiling.
[LOG] Current time: 2025-08-14 21:48:59 -03-0300
Making FHE prediction with 4 estimators
[LOG] Current time: 2025-08-14 21:51:09 -03-0300
Finished prediction with 4
[LOG] Current time: 2025-08-14 21:51:09 -03-0300
Plain text metrics:
--- Model Evaluation ---
Accuracy: 0.8129
Precision: 0.7932
Recall: 0.9080
F1-Score: 0.8468

--- Confusion Matrix ---
[[ 6673  3038]
 [ 1180 11653]]

--- Classification Report ---
              precision    recall  f1-score   support

           0       0.85      0.69      0.76      9711
           1       0.79      0.91      0.85     12833

    accuracy                           0.81     22544
   macro avg       0.82      0.80      0.80     22544
weighted avg       0.82      0.81      0.81     22544

[LOG] Current time: 2025-08-14 21:51:10 -03-0300
FHE metrics:
--- Model Evaluation ---
Accuracy: 0.8129
Precision: 0.7932
Recall: 0.9080
F1-Score: 0.8468

--- Confusion Matrix ---
[[ 6673  3038]
 [ 1180 11653]]

--- Classification Report ---
              precision    recall  f1-score   support

           0       0.85      0.69      0.76      9711
           1       0.79      0.91      0.85     12833

    accuracy                           0.81     22544
   macro avg       0.82      0.80      0.80     22544
weighted avg       0.82      0.81      0.81     22544

Saving compiled FHE circuit and preprocessor to disk...

============================================================
STARTING TEST FOR n_estimators = 4 max_depth = 4
============================================================
[LOG] Current time: 2025-08-14 21:51:10 -03-0300
Training ...
[LOG] Current time: 2025-08-14 21:51:10 -03-0300
Start clear with 4 estimators...
[LOG] Current time: 2025-08-14 21:51:11 -03-0300
Finished predicting.
[LOG] Current time: 2025-08-14 21:51:11 -03-0300
Compiling FHE model with 4 estimators...
[LOG] Current time: 2025-08-14 21:52:41 -03-0300
Finished compiling.
[LOG] Current time: 2025-08-14 21:52:41 -03-0300
Making FHE prediction with 4 estimators
[LOG] Current time: 2025-08-14 21:54:53 -03-0300
Finished prediction with 4
[LOG] Current time: 2025-08-14 21:54:53 -03-0300
Plain text metrics:
--- Model Evaluation ---
Accuracy: 0.8522
Precision: 0.9016
Recall: 0.8310
F1-Score: 0.8648

--- Confusion Matrix ---
[[ 8547  1164]
 [ 2169 10664]]

--- Classification Report ---
              precision    recall  f1-score   support

           0       0.80      0.88      0.84      9711
           1       0.90      0.83      0.86     12833

    accuracy                           0.85     22544
   macro avg       0.85      0.86      0.85     22544
weighted avg       0.86      0.85      0.85     22544

[LOG] Current time: 2025-08-14 21:54:53 -03-0300
FHE metrics:
--- Model Evaluation ---
Accuracy: 0.8522
Precision: 0.9016
Recall: 0.8310
F1-Score: 0.8648

--- Confusion Matrix ---
[[ 8547  1164]
 [ 2169 10664]]

--- Classification Report ---
              precision    recall  f1-score   support

           0       0.80      0.88      0.84      9711
           1       0.90      0.83      0.86     12833

    accuracy                           0.85     22544
   macro avg       0.85      0.86      0.85     22544
weighted avg       0.86      0.85      0.85     22544

Saving compiled FHE circuit and preprocessor to disk...

============================================================
STARTING TEST FOR n_estimators = 100 max_depth = 2
============================================================
[LOG] Current time: 2025-08-14 21:54:53 -03-0300
Training ...
[LOG] Current time: 2025-08-14 21:54:57 -03-0300
Start clear with 100 estimators...
[LOG] Current time: 2025-08-14 21:54:57 -03-0300
Finished predicting.
[LOG] Current time: 2025-08-14 21:54:57 -03-0300
Compiling FHE model with 100 estimators...
[LOG] Current time: 2025-08-14 21:56:37 -03-0300
Finished compiling.
[LOG] Current time: 2025-08-14 21:56:37 -03-0300
Making FHE prediction with 100 estimators
[LOG] Current time: 2025-08-14 21:59:03 -03-0300
Finished prediction with 100
[LOG] Current time: 2025-08-14 21:59:03 -03-0300
Plain text metrics:
--- Model Evaluation ---
Accuracy: 0.8522
Precision: 0.9016
Recall: 0.8310
F1-Score: 0.8648

--- Confusion Matrix ---
[[ 8547  1164]
 [ 2169 10664]]

--- Classification Report ---
              precision    recall  f1-score   support

           0       0.80      0.88      0.84      9711
           1       0.90      0.83      0.86     12833

    accuracy                           0.85     22544
   macro avg       0.85      0.86      0.85     22544
weighted avg       0.86      0.85      0.85     22544

[LOG] Current time: 2025-08-14 21:59:03 -03-0300
FHE metrics:
--- Model Evaluation ---
Accuracy: 0.8522
Precision: 0.9016
Recall: 0.8310
F1-Score: 0.8648

--- Confusion Matrix ---
[[ 8547  1164]
 [ 2169 10664]]

--- Classification Report ---
              precision    recall  f1-score   support

           0       0.80      0.88      0.84      9711
           1       0.90      0.83      0.86     12833

    accuracy                           0.85     22544
   macro avg       0.85      0.86      0.85     22544
weighted avg       0.86      0.85      0.85     22544

Saving compiled FHE circuit and preprocessor to disk...
