nohup: ignoring input
[LOG] Current time: 2025-08-01 21:42:10 -03-0300
Scikit-learn version: 1.5.0
Found existing combined file. Loading 'CIC-IDS-2017-Combined.csv'...
Data split into 2262300 training samples and 565576 testing samples.
Applying preprocessing (MinMaxScaler and OneHotEncoder)...
Shape after initial preprocessing (sparse) - X_train: (2262300, 51251), X_test: (565576, 51251)

Applying TruncatedSVD to reduce feature count from 51251 to 200...
Shape after SVD reduction (dense) - X_train: (2262300, 200), X_test: (565576, 200)
Final training data shape: (2262300, 200)
Final testing data shape: (565576, 200)

============================================================
STARTING TEST FOR n_estimators = 2, max_depth = 3
============================================================
[LOG] Current time: 2025-08-01 21:44:42 -03-0300
Training RandomForestClassifier...
[LOG] Current time: 2025-08-01 21:45:13 -03-0300
Start prediction in the clear...
[LOG] Current time: 2025-08-01 21:45:18 -03-0300
Plain text model metrics:
--- Model Evaluation ---
Accuracy: 0.8768
Precision: 0.7387
Recall: 0.5790
F1-Score: 0.6492

--- Confusion Matrix ---
[[431462  22803]
 [ 46862  64449]]

--- Classification Report ---
              precision    recall  f1-score   support

           0       0.90      0.95      0.93    454265
           1       0.74      0.58      0.65    111311

    accuracy                           0.88    565576
   macro avg       0.82      0.76      0.79    565576
weighted avg       0.87      0.88      0.87    565576

[LOG] Current time: 2025-08-01 21:45:20 -03-0300
Compiling FHE model...
[LOG] Current time: 2025-08-01 22:11:52 -03-0300
Finished FHE model compilation.
[LOG] Current time: 2025-08-01 22:11:52 -03-0300
Making FHE simulation prediction...
[LOG] Current time: 2025-08-01 23:06:18 -03-0300
FHE model metrics (simulated):
--- Model Evaluation ---
Accuracy: 0.8768
Precision: 0.7387
Recall: 0.5790
F1-Score: 0.6492

--- Confusion Matrix ---
[[431462  22803]
 [ 46862  64449]]

--- Classification Report ---
              precision    recall  f1-score   support

           0       0.90      0.95      0.93    454265
           1       0.74      0.58      0.65    111311

    accuracy                           0.88    565576
   macro avg       0.82      0.76      0.79    565576
weighted avg       0.87      0.88      0.87    565576


Saving compiled FHE circuit and client assets to disk...
[LOG] Current time: 2025-08-01 23:06:20 -03-0300
FHE assets saved.
