nohup: ignoring input
[LOG] Current time: 2025-07-31 17:39:33 -03-0300
Scikit-learn version: 1.5.0
Found existing combined file. Loading 'CIC-IDS-2017-Combined.csv'...
Data split into 2262300 training samples and 565576 testing samples.
Applying preprocessing (MinMaxScaler and OneHotEncoder)...
Shape after initial preprocessing (sparse) - X_train: (2262300, 51251), X_test: (565576, 51251)

Applying TruncatedSVD to reduce feature count from 51251 to 200...
Shape after SVD reduction (dense) - X_train: (2262300, 200), X_test: (565576, 200)
Final training data shape: (2262300, 200)
Final testing data shape: (565576, 200)

============================================================
STARTING TEST FOR n_estimators = 2, max_depth = 4
============================================================
[LOG] Current time: 2025-07-31 17:42:07 -03-0300
Training RandomForestClassifier...
[LOG] Current time: 2025-07-31 17:42:39 -03-0300
Start prediction in the clear...
[LOG] Current time: 2025-07-31 17:42:46 -03-0300
Plain text model metrics:
--- Model Evaluation ---
Accuracy: 0.9013
Precision: 0.7688
Recall: 0.7126
F1-Score: 0.7397

--- Confusion Matrix ---
[[430413  23852]
 [ 31989  79322]]

--- Classification Report ---
              precision    recall  f1-score   support

           0       0.93      0.95      0.94    454265
           1       0.77      0.71      0.74    111311

    accuracy                           0.90    565576
   macro avg       0.85      0.83      0.84    565576
weighted avg       0.90      0.90      0.90    565576

[LOG] Current time: 2025-07-31 17:42:48 -03-0300
Compiling FHE model...
[LOG] Current time: 2025-07-31 18:10:43 -03-0300
Finished FHE model compilation.
[LOG] Current time: 2025-07-31 18:10:43 -03-0300
Making FHE simulation prediction...
[LOG] Current time: 2025-07-31 19:06:04 -03-0300
FHE model metrics (simulated):
--- Model Evaluation ---
Accuracy: 0.9013
Precision: 0.7688
Recall: 0.7126
F1-Score: 0.7397

--- Confusion Matrix ---
[[430413  23852]
 [ 31989  79322]]

--- Classification Report ---
              precision    recall  f1-score   support

           0       0.93      0.95      0.94    454265
           1       0.77      0.71      0.74    111311

    accuracy                           0.90    565576
   macro avg       0.85      0.83      0.84    565576
weighted avg       0.90      0.90      0.90    565576


Saving compiled FHE circuit and client assets to disk...
[LOG] Current time: 2025-07-31 19:06:06 -03-0300
FHE assets saved.

============================================================
STARTING TEST FOR n_estimators = 5, max_depth = 4
============================================================
[LOG] Current time: 2025-07-31 19:06:06 -03-0300
Training RandomForestClassifier...
[LOG] Current time: 2025-07-31 19:06:44 -03-0300
Start prediction in the clear...
[LOG] Current time: 2025-07-31 19:06:56 -03-0300
Plain text model metrics:
--- Model Evaluation ---
Accuracy: 0.9071
Precision: 0.7652
Recall: 0.7614
F1-Score: 0.7633

--- Confusion Matrix ---
[[428257  26008]
 [ 26555  84756]]

--- Classification Report ---
              precision    recall  f1-score   support

           0       0.94      0.94      0.94    454265
           1       0.77      0.76      0.76    111311

    accuracy                           0.91    565576
   macro avg       0.85      0.85      0.85    565576
weighted avg       0.91      0.91      0.91    565576

[LOG] Current time: 2025-07-31 19:06:58 -03-0300
Compiling FHE model...
[LOG] Current time: 2025-07-31 19:35:56 -03-0300
Finished FHE model compilation.
[LOG] Current time: 2025-07-31 19:35:56 -03-0300
Making FHE simulation prediction...
[LOG] Current time: 2025-07-31 20:32:01 -03-0300
FHE model metrics (simulated):
--- Model Evaluation ---
Accuracy: 0.9071
Precision: 0.7652
Recall: 0.7614
F1-Score: 0.7633

--- Confusion Matrix ---
[[428257  26008]
 [ 26555  84756]]

--- Classification Report ---
              precision    recall  f1-score   support

           0       0.94      0.94      0.94    454265
           1       0.77      0.76      0.76    111311

    accuracy                           0.91    565576
   macro avg       0.85      0.85      0.85    565576
weighted avg       0.91      0.91      0.91    565576


Saving compiled FHE circuit and client assets to disk...
[LOG] Current time: 2025-07-31 20:32:03 -03-0300
FHE assets saved.

============================================================
STARTING TEST FOR n_estimators = 10, max_depth = 4
============================================================
[LOG] Current time: 2025-07-31 20:32:03 -03-0300
Training RandomForestClassifier...
[LOG] Current time: 2025-07-31 20:32:54 -03-0300
Start prediction in the clear...
[LOG] Current time: 2025-07-31 20:33:14 -03-0300
Plain text model metrics:
--- Model Evaluation ---
Accuracy: 0.9095
Precision: 0.7636
Recall: 0.7826
F1-Score: 0.7730

--- Confusion Matrix ---
[[427300  26965]
 [ 24204  87107]]

--- Classification Report ---
              precision    recall  f1-score   support

           0       0.95      0.94      0.94    454265
           1       0.76      0.78      0.77    111311

    accuracy                           0.91    565576
   macro avg       0.86      0.86      0.86    565576
weighted avg       0.91      0.91      0.91    565576

[LOG] Current time: 2025-07-31 20:33:17 -03-0300
Compiling FHE model...
[LOG] Current time: 2025-07-31 21:03:48 -03-0300
Finished FHE model compilation.
[LOG] Current time: 2025-07-31 21:03:48 -03-0300
Making FHE simulation prediction...
[LOG] Current time: 2025-07-31 22:01:30 -03-0300
FHE model metrics (simulated):
--- Model Evaluation ---
Accuracy: 0.9095
Precision: 0.7636
Recall: 0.7826
F1-Score: 0.7730

--- Confusion Matrix ---
[[427300  26965]
 [ 24204  87107]]

--- Classification Report ---
              precision    recall  f1-score   support

           0       0.95      0.94      0.94    454265
           1       0.76      0.78      0.77    111311

    accuracy                           0.91    565576
   macro avg       0.86      0.86      0.86    565576
weighted avg       0.91      0.91      0.91    565576


Saving compiled FHE circuit and client assets to disk...
[LOG] Current time: 2025-07-31 22:01:32 -03-0300
FHE assets saved.
